2026-03-04T03:21:46.272Z [ERROR]: ❌ Error al iniciar el servidor: Failed to connect to localhost:1433 - Could not connect (sequence)
2026-03-04T03:46:44.808Z [ERROR]: ❌ Error al iniciar el servidor: Failed to connect to localhost:1433 - Could not connect (sequence)
2026-03-05T03:31:12.590Z [ERROR]: ❌ Error al iniciar el servidor: Failed to connect to .:1433 - getaddrinfo ENOTFOUND .
2026-03-05T04:39:14.140Z [ERROR]: ❌ Error al iniciar el servidor: Failed to connect to .:1433 - getaddrinfo ENOTFOUND .
2026-03-05T04:41:24.138Z [ERROR]: ❌ Error al iniciar el servidor: Failed to connect to .:1433 - getaddrinfo ENOTFOUND .
2026-03-05T04:52:02.039Z [ERROR]: ❌ Error al iniciar el servidor: Failed to connect to localhost:1433 - self-signed certificate; if the root CA is installed locally, try running Node.js with --use-system-ca
2026-03-05T04:59:40.055Z [ERROR]: ❌ Error al iniciar el servidor: Failed to connect to localhost:1433 - self-signed certificate; if the root CA is installed locally, try running Node.js with --use-system-ca
2026-03-05T05:02:02.876Z [ERROR]:  Error al iniciar el servidor: Failed to connect to localhost:1433 - self-signed certificate; if the root CA is installed locally, try running Node.js with --use-system-ca
2026-03-05T05:04:36.990Z [ERROR]:  Error al iniciar el servidor: Failed to connect to localhost:1433 - self-signed certificate; if the root CA is installed locally, try running Node.js with --use-system-ca
2026-03-05T05:05:45.331Z [ERROR]:  Error al iniciar el servidor: Failed to connect to localhost:1433 - self-signed certificate; if the root CA is installed locally, try running Node.js with --use-system-ca
2026-03-05T05:06:29.081Z [ERROR]:  Error al iniciar el servidor: Failed to connect to localhost:1433 - self-signed certificate; if the root CA is installed locally, try running Node.js with --use-system-ca
2026-03-05T05:07:20.435Z [ERROR]:  Error al iniciar el servidor: Failed to connect to localhost:1433 - self-signed certificate; if the root CA is installed locally, try running Node.js with --use-system-ca
2026-03-05T05:08:36.112Z [ERROR]:  Error al iniciar el servidor: Failed to connect to localhost:1433 - self-signed certificate; if the root CA is installed locally, try running Node.js with --use-system-ca
2026-03-05T05:09:33.560Z [ERROR]:  Error al iniciar el servidor: Failed to connect to localhost:1433 - self-signed certificate; if the root CA is installed locally, try running Node.js with --use-system-ca
2026-03-05T05:09:59.723Z [ERROR]:  Error al iniciar el servidor: Failed to connect to localhost:1433 - self-signed certificate; if the root CA is installed locally, try running Node.js with --use-system-ca
2026-03-05T05:12:24.571Z [ERROR]:  Error al iniciar el servidor: Login failed for user ''.
2026-03-05T05:12:43.341Z [ERROR]:  Error al iniciar el servidor: Login failed for user ''.
2026-03-05T05:13:59.435Z [ERROR]:  Error al iniciar el servidor: Login failed for user ''.
2026-03-05T05:22:53.069Z [ERROR]:  Error al iniciar el servidor: Login failed for user 'syac_api'.
2026-03-05T05:22:57.866Z [ERROR]:  Error al iniciar el servidor: Login failed for user 'syac_api'.
2026-03-05T05:30:47.707Z [ERROR]:  Error al iniciar el servidor: Login failed for user 'syac_api'.
2026-03-05T05:33:01.232Z [ERROR]:  Error al iniciar el servidor: Login failed for user 'syac_api'.
2026-03-05T05:38:03.350Z [ERROR]:  Error al iniciar el servidor: Login failed for user 'syac_api'.
2026-03-05T05:50:22.733Z [ERROR]:  Error al iniciar el servidor: Login failed for user 'syac_api'.
2026-03-05T05:55:04.467Z [ERROR]:  Error al iniciar el servidor: Login failed for user 'syac_api'.
2026-03-05T06:01:38.655Z [ERROR]:  Error al iniciar el servidor: Login failed for user 'syac_api'.
2026-03-05T06:01:43.956Z [ERROR]:  Error al iniciar el servidor: Login failed for user 'syac_api'.
2026-03-05T06:13:41.778Z [ERROR]:  Error al iniciar el servidor: Login failed for user 'syac_api'.
2026-03-05T06:13:45.737Z [ERROR]:  Error al iniciar el servidor: Login failed for user 'syac_api'.
